// Jest Snapshot v1, https://goo.gl/fbAQLP

exports[`<TagListItem /> Should match snapshot 1`] = `<DocumentFragment />`;
