// Jest Snapshot v1, https://goo.gl/fbAQLP

exports[`<DefaultLayout /> snapshot 1`] = `<DocumentFragment />`;
